Archive member included because of file (symbol)

c:/altera/13.0sp1/nios2eds/bin/gnu/h-i686-mingw32/bin/../lib/gcc/nios2-elf/4.1.2/mno-hw-mul\libgcc.a(_popcountsi2.o)
                              obj/default/hello_world_small.o (__popcountsi2)
c:/altera/13.0sp1/nios2eds/bin/gnu/h-i686-mingw32/bin/../lib/gcc/nios2-elf/4.1.2/mno-hw-mul\libgcc.a(lib2-divmod.o)
                              obj/default/hello_world_small.o (__divsi3)
c:/altera/13.0sp1/nios2eds/bin/gnu/h-i686-mingw32/bin/../lib/gcc/nios2-elf/4.1.2/mno-hw-mul\libgcc.a(_popcount_tab.o)
                              c:/altera/13.0sp1/nios2eds/bin/gnu/h-i686-mingw32/bin/../lib/gcc/nios2-elf/4.1.2/mno-hw-mul\libgcc.a(_popcountsi2.o) (__popcount_tab)
c:/altera/13.0sp1/nios2eds/bin/gnu/h-i686-mingw32/bin/../lib/gcc/nios2-elf/4.1.2/../../../../nios2-elf/lib/mno-hw-mul\libsmallc.a(lib_a-printf.o)
                              obj/default/hello_world_small.o (printf)
c:/altera/13.0sp1/nios2eds/bin/gnu/h-i686-mingw32/bin/../lib/gcc/nios2-elf/4.1.2/../../../../nios2-elf/lib/mno-hw-mul\libsmallc.a(lib_a-puts.o)
                              obj/default/hello_world_small.o (puts)
c:/altera/13.0sp1/nios2eds/bin/gnu/h-i686-mingw32/bin/../lib/gcc/nios2-elf/4.1.2/../../../../nios2-elf/lib/mno-hw-mul\libsmallc.a(lib_a-strlen.o)
                              c:/altera/13.0sp1/nios2eds/bin/gnu/h-i686-mingw32/bin/../lib/gcc/nios2-elf/4.1.2/../../../../nios2-elf/lib/mno-hw-mul\libsmallc.a(lib_a-puts.o) (strlen)
c:/altera/13.0sp1/nios2eds/bin/gnu/h-i686-mingw32/bin/../lib/gcc/nios2-elf/4.1.2/../../../../nios2-elf/lib/mno-hw-mul\libsmallc.a(lib_a-vfprintf.o)
                              c:/altera/13.0sp1/nios2eds/bin/gnu/h-i686-mingw32/bin/../lib/gcc/nios2-elf/4.1.2/../../../../nios2-elf/lib/mno-hw-mul\libsmallc.a(lib_a-printf.o) (___vfprintf_internal_r)
c:/altera/13.0sp1/nios2eds/bin/gnu/h-i686-mingw32/bin/../lib/gcc/nios2-elf/4.1.2/../../../../nios2-elf/lib/mno-hw-mul\libsmallc.a(lib_a-fvwrite_small_dev.o)
                              c:/altera/13.0sp1/nios2eds/bin/gnu/h-i686-mingw32/bin/../lib/gcc/nios2-elf/4.1.2/../../../../nios2-elf/lib/mno-hw-mul\libsmallc.a(lib_a-printf.o) (__sfvwrite_small_dev)
c:/altera/13.0sp1/nios2eds/bin/gnu/h-i686-mingw32/bin/../lib/gcc/nios2-elf/4.1.2/../../../../nios2-elf/lib/mno-hw-mul\libsmallc.a(lib_a-impure.o)
                              c:/altera/13.0sp1/nios2eds/bin/gnu/h-i686-mingw32/bin/../lib/gcc/nios2-elf/4.1.2/../../../../nios2-elf/lib/mno-hw-mul\libsmallc.a(lib_a-printf.o) (_impure_ptr)
c:/altera/13.0sp1/nios2eds/bin/gnu/h-i686-mingw32/bin/../lib/gcc/nios2-elf/4.1.2/../../../../nios2-elf/lib/mno-hw-mul\libsmallc.a(lib_a-writer.o)
                              c:/altera/13.0sp1/nios2eds/bin/gnu/h-i686-mingw32/bin/../lib/gcc/nios2-elf/4.1.2/../../../../nios2-elf/lib/mno-hw-mul\libsmallc.a(lib_a-fvwrite_small_dev.o) (_write_r)
c:/altera/13.0sp1/nios2eds/bin/gnu/h-i686-mingw32/bin/../lib/gcc/nios2-elf/4.1.2/../../../../nios2-elf/lib/mno-hw-mul\libsmallc.a(lib_a-int_errno.o)
                              c:/altera/13.0sp1/nios2eds/bin/gnu/h-i686-mingw32/bin/../lib/gcc/nios2-elf/4.1.2/../../../../nios2-elf/lib/mno-hw-mul\libsmallc.a(lib_a-writer.o) (errno)
c:/altera/13.0sp1/nios2eds/bin/gnu/h-i686-mingw32/bin/../lib/gcc/nios2-elf/4.1.2/mno-hw-mul\libgcc.a(lib2-mul.o)
                              c:/altera/13.0sp1/nios2eds/bin/gnu/h-i686-mingw32/bin/../lib/gcc/nios2-elf/4.1.2/../../../../nios2-elf/lib/mno-hw-mul\libsmallc.a(lib_a-vfprintf.o) (__mulsi3)
../LedGame_bsp/\libhal_bsp.a(alt_load.o)
                              ../LedGame_bsp//obj/HAL/src/crt0.o (alt_load)
../LedGame_bsp/\libhal_bsp.a(alt_main.o)
                              ../LedGame_bsp//obj/HAL/src/crt0.o (alt_main)
../LedGame_bsp/\libhal_bsp.a(alt_usleep.o)
                              obj/default/hello_world_small.o (usleep)
../LedGame_bsp/\libhal_bsp.a(alt_write.o)
                              c:/altera/13.0sp1/nios2eds/bin/gnu/h-i686-mingw32/bin/../lib/gcc/nios2-elf/4.1.2/../../../../nios2-elf/lib/mno-hw-mul\libsmallc.a(lib_a-writer.o) (write)
../LedGame_bsp/\libhal_bsp.a(alt_sys_init.o)
                              ../LedGame_bsp/\libhal_bsp.a(alt_main.o) (alt_sys_init)
../LedGame_bsp/\libhal_bsp.a(altera_avalon_jtag_uart_write.o)
                              ../LedGame_bsp/\libhal_bsp.a(alt_write.o) (altera_avalon_jtag_uart_write)
../LedGame_bsp/\libhal_bsp.a(alt_busy_sleep.o)
                              ../LedGame_bsp/\libhal_bsp.a(alt_usleep.o) (alt_busy_sleep)
../LedGame_bsp/\libhal_bsp.a(alt_dcache_flush_all.o)
                              ../LedGame_bsp/\libhal_bsp.a(alt_load.o) (alt_dcache_flush_all)
../LedGame_bsp/\libhal_bsp.a(alt_errno.o)
                              ../LedGame_bsp/\libhal_bsp.a(alt_write.o) (alt_errno)
../LedGame_bsp/\libhal_bsp.a(alt_icache_flush_all.o)
                              ../LedGame_bsp/\libhal_bsp.a(alt_load.o) (alt_icache_flush_all)
../LedGame_bsp/\libhal_bsp.a(altera_nios2_qsys_irq.o)
                              ../LedGame_bsp/\libhal_bsp.a(alt_sys_init.o) (altera_nios2_qsys_irq_init)

Allocating common symbols
Common symbol       size              file

errno               0x4               c:/altera/13.0sp1/nios2eds/bin/gnu/h-i686-mingw32/bin/../lib/gcc/nios2-elf/4.1.2/../../../../nios2-elf/lib/mno-hw-mul\libsmallc.a(lib_a-int_errno.o)

Memory Configuration

Name             Origin             Length             Attributes
reset            0x00004000         0x00000020
onchip_memory2_0 0x00004020         0x000027e0
*default*        0x00000000         0xffffffff

Linker script and memory map

LOAD ../LedGame_bsp//obj/HAL/src/crt0.o
                0x0000400c                exit = _exit
LOAD obj/default/hello_world_small.o
LOAD c:/altera/13.0sp1/nios2eds/bin/gnu/h-i686-mingw32/bin/../lib/gcc/nios2-elf/4.1.2/../../../../nios2-elf/lib/mno-hw-mul\libstdc++.a
LOAD c:/altera/13.0sp1/nios2eds/bin/gnu/h-i686-mingw32/bin/../lib/gcc/nios2-elf/4.1.2/../../../../nios2-elf/lib/mno-hw-mul\libm.a
LOAD c:/altera/13.0sp1/nios2eds/bin/gnu/h-i686-mingw32/bin/../lib/gcc/nios2-elf/4.1.2/mno-hw-mul\libgcc.a
START GROUP
LOAD c:/altera/13.0sp1/nios2eds/bin/gnu/h-i686-mingw32/bin/../lib/gcc/nios2-elf/4.1.2/../../../../nios2-elf/lib/mno-hw-mul\libsmallc.a
LOAD c:/altera/13.0sp1/nios2eds/bin/gnu/h-i686-mingw32/bin/../lib/gcc/nios2-elf/4.1.2/mno-hw-mul\libgcc.a
LOAD ../LedGame_bsp/\libhal_bsp.a
END GROUP
LOAD c:/altera/13.0sp1/nios2eds/bin/gnu/h-i686-mingw32/bin/../lib/gcc/nios2-elf/4.1.2/mno-hw-mul\libgcc.a
                0x00004000                __alt_mem_onchip_memory2_0 = 0x4000

.entry          0x00004000       0x20
 *(.entry)
 .entry         0x00004000       0x20 ../LedGame_bsp//obj/HAL/src/crt0.o
                0x00004000                __reset
                0x0000400c                _exit

.exceptions     0x00004020        0x0
                0x00004020                PROVIDE (__ram_exceptions_start, ABSOLUTE (.))
                0x00004020                . = ALIGN (0x20)
 *(.irq)
 *(.exceptions.entry.label)
 *(.exceptions.entry.user)
 *(.exceptions.entry)
 *(.exceptions.irqtest.user)
 *(.exceptions.irqtest)
 *(.exceptions.irqhandler.user)
 *(.exceptions.irqhandler)
 *(.exceptions.irqreturn.user)
 *(.exceptions.irqreturn)
 *(.exceptions.notirq.label)
 *(.exceptions.notirq.user)
 *(.exceptions.notirq)
 *(.exceptions.soft.user)
 *(.exceptions.soft)
 *(.exceptions.unknown.user)
 *(.exceptions.unknown)
 *(.exceptions.exit.label)
 *(.exceptions.exit.user)
 *(.exceptions.exit)
 *(.exceptions)
                0x00004020                PROVIDE (__ram_exceptions_end, ABSOLUTE (.))
                0x00004020                PROVIDE (__flash_exceptions_start, LOADADDR (.exceptions))

.text           0x00004020      0xec0
                0x00004020                PROVIDE (stext, ABSOLUTE (.))
 *(.interp)
 *(.hash)
 *(.dynsym)
 *(.dynstr)
 *(.gnu.version)
 *(.gnu.version_d)
 *(.gnu.version_r)
 *(.rel.init)
 *(.rela.init)
 *(.rel.text .rel.text.* .rel.gnu.linkonce.t.*)
 *(.rela.text .rela.text.* .rela.gnu.linkonce.t.*)
 *(.rel.fini)
 *(.rela.fini)
 *(.rel.rodata .rel.rodata.* .rel.gnu.linkonce.r.*)
 *(.rela.rodata .rela.rodata.* .rela.gnu.linkonce.r.*)
 *(.rel.data .rel.data.* .rel.gnu.linkonce.d.*)
 *(.rela.data .rela.data.* .rela.gnu.linkonce.d.*)
 *(.rel.tdata .rel.tdata.* .rel.gnu.linkonce.td.*)
 *(.rela.tdata .rela.tdata.* .rela.gnu.linkonce.td.*)
 *(.rel.tbss .rel.tbss.* .rel.gnu.linkonce.tb.*)
 *(.rela.tbss .rela.tbss.* .rela.gnu.linkonce.tb.*)
 *(.rel.ctors)
 *(.rela.ctors)
 *(.rel.dtors)
 *(.rela.dtors)
 *(.rel.got)
 *(.rela.got)
 *(.rel.sdata .rel.sdata.* .rel.gnu.linkonce.s.*)
 *(.rela.sdata .rela.sdata.* .rela.gnu.linkonce.s.*)
 *(.rel.sbss .rel.sbss.* .rel.gnu.linkonce.sb.*)
 *(.rela.sbss .rela.sbss.* .rela.gnu.linkonce.sb.*)
 *(.rel.sdata2 .rel.sdata2.* .rel.gnu.linkonce.s2.*)
 *(.rela.sdata2 .rela.sdata2.* .rela.gnu.linkonce.s2.*)
 *(.rel.sbss2 .rel.sbss2.* .rel.gnu.linkonce.sb2.*)
 *(.rela.sbss2 .rela.sbss2.* .rela.gnu.linkonce.sb2.*)
 *(.rel.bss .rel.bss.* .rel.gnu.linkonce.b.*)
 *(.rela.bss .rela.bss.* .rela.gnu.linkonce.b.*)
 *(.rel.plt)
 *(.rela.plt)
 *(.rel.dyn)
 *(.init)
 *(.plt)
 *(.text .stub .text.* .gnu.linkonce.t.*)
 .text          0x00004020       0x3c ../LedGame_bsp//obj/HAL/src/crt0.o
                0x00004020                _start
 .text          0x0000405c       0xb0 obj/default/hello_world_small.o
                0x0000405c                main
 .text          0x0000410c       0x58 c:/altera/13.0sp1/nios2eds/bin/gnu/h-i686-mingw32/bin/../lib/gcc/nios2-elf/4.1.2/mno-hw-mul\libgcc.a(_popcountsi2.o)
                0x0000410c                __popcountsi2
 .text          0x00004164      0x14c c:/altera/13.0sp1/nios2eds/bin/gnu/h-i686-mingw32/bin/../lib/gcc/nios2-elf/4.1.2/mno-hw-mul\libgcc.a(lib2-divmod.o)
                0x000041e0                __divsi3
                0x00004240                __modsi3
                0x000042a0                __udivsi3
                0x000042a8                __umodsi3
 .text          0x000042b0        0x0 c:/altera/13.0sp1/nios2eds/bin/gnu/h-i686-mingw32/bin/../lib/gcc/nios2-elf/4.1.2/mno-hw-mul\libgcc.a(_popcount_tab.o)
 .text          0x000042b0       0x98 c:/altera/13.0sp1/nios2eds/bin/gnu/h-i686-mingw32/bin/../lib/gcc/nios2-elf/4.1.2/../../../../nios2-elf/lib/mno-hw-mul\libsmallc.a(lib_a-printf.o)
                0x000042b0                printf
                0x00004304                _printf_r
 .text          0x00004348       0xa4 c:/altera/13.0sp1/nios2eds/bin/gnu/h-i686-mingw32/bin/../lib/gcc/nios2-elf/4.1.2/../../../../nios2-elf/lib/mno-hw-mul\libsmallc.a(lib_a-puts.o)
                0x00004348                _puts_r
                0x000043d8                puts
 .text          0x000043ec       0x20 c:/altera/13.0sp1/nios2eds/bin/gnu/h-i686-mingw32/bin/../lib/gcc/nios2-elf/4.1.2/../../../../nios2-elf/lib/mno-hw-mul\libsmallc.a(lib_a-strlen.o)
                0x000043ec                strlen
 .text          0x0000440c      0x740 c:/altera/13.0sp1/nios2eds/bin/gnu/h-i686-mingw32/bin/../lib/gcc/nios2-elf/4.1.2/../../../../nios2-elf/lib/mno-hw-mul\libsmallc.a(lib_a-vfprintf.o)
                0x0000448c                ___vfprintf_internal_r
                0x00004b28                __vfprintf_internal
 .text          0x00004b4c       0xbc c:/altera/13.0sp1/nios2eds/bin/gnu/h-i686-mingw32/bin/../lib/gcc/nios2-elf/4.1.2/../../../../nios2-elf/lib/mno-hw-mul\libsmallc.a(lib_a-fvwrite_small_dev.o)
                0x00004b4c                __sfvwrite_small_dev
 .text          0x00004c08        0x0 c:/altera/13.0sp1/nios2eds/bin/gnu/h-i686-mingw32/bin/../lib/gcc/nios2-elf/4.1.2/../../../../nios2-elf/lib/mno-hw-mul\libsmallc.a(lib_a-impure.o)
 .text          0x00004c08       0x78 c:/altera/13.0sp1/nios2eds/bin/gnu/h-i686-mingw32/bin/../lib/gcc/nios2-elf/4.1.2/../../../../nios2-elf/lib/mno-hw-mul\libsmallc.a(lib_a-writer.o)
                0x00004c08                _write_r
 .text          0x00004c80        0x0 c:/altera/13.0sp1/nios2eds/bin/gnu/h-i686-mingw32/bin/../lib/gcc/nios2-elf/4.1.2/../../../../nios2-elf/lib/mno-hw-mul\libsmallc.a(lib_a-int_errno.o)
 .text          0x00004c80       0x38 c:/altera/13.0sp1/nios2eds/bin/gnu/h-i686-mingw32/bin/../lib/gcc/nios2-elf/4.1.2/mno-hw-mul\libgcc.a(lib2-mul.o)
                0x00004c80                __mulsi3
 .text          0x00004cb8       0x8c ../LedGame_bsp/\libhal_bsp.a(alt_load.o)
                0x00004cd8                alt_load
 .text          0x00004d44       0x2c ../LedGame_bsp/\libhal_bsp.a(alt_main.o)
                0x00004d44                alt_main
 .text          0x00004d70        0x4 ../LedGame_bsp/\libhal_bsp.a(alt_usleep.o)
                0x00004d70                usleep
 .text          0x00004d74       0x78 ../LedGame_bsp/\libhal_bsp.a(alt_write.o)
                0x00004d74                write
 .text          0x00004dec       0x24 ../LedGame_bsp/\libhal_bsp.a(alt_sys_init.o)
                0x00004dec                alt_sys_init
                0x00004df0                alt_irq_init
 .text          0x00004e10       0x34 ../LedGame_bsp/\libhal_bsp.a(altera_avalon_jtag_uart_write.o)
                0x00004e10                altera_avalon_jtag_uart_write
 .text          0x00004e44       0x8c ../LedGame_bsp/\libhal_bsp.a(alt_busy_sleep.o)
                0x00004e44                alt_busy_sleep
 .text          0x00004ed0        0x4 ../LedGame_bsp/\libhal_bsp.a(alt_dcache_flush_all.o)
                0x00004ed0                alt_dcache_flush_all
 .text          0x00004ed4        0x0 ../LedGame_bsp/\libhal_bsp.a(alt_errno.o)
 .text          0x00004ed4        0x4 ../LedGame_bsp/\libhal_bsp.a(alt_icache_flush_all.o)
                0x00004ed4                alt_icache_flush_all
 .text          0x00004ed8        0x8 ../LedGame_bsp/\libhal_bsp.a(altera_nios2_qsys_irq.o)
                0x00004ed8                altera_nios2_qsys_irq_init
 *(.gnu.warning.*)
 *(.fini)
                0x00004ee0                PROVIDE (__etext, ABSOLUTE (.))
                0x00004ee0                PROVIDE (_etext, ABSOLUTE (.))
                0x00004ee0                PROVIDE (etext, ABSOLUTE (.))
 *(.eh_frame_hdr)
                0x00004ee0                . = ALIGN (0x4)
                0x00004ee0                PROVIDE (__preinit_array_start, ABSOLUTE (.))
 *(.preinit_array)
                0x00004ee0                PROVIDE (__preinit_array_end, ABSOLUTE (.))
                0x00004ee0                PROVIDE (__init_array_start, ABSOLUTE (.))
 *(.init_array)
                0x00004ee0                PROVIDE (__init_array_end, ABSOLUTE (.))
                0x00004ee0                PROVIDE (__fini_array_start, ABSOLUTE (.))
 *(.fini_array)
                0x00004ee0                PROVIDE (__fini_array_end, ABSOLUTE (.))
 *(.eh_frame)
 *(.gcc_except_table)
 *(.dynamic)
                0x00004ee0                PROVIDE (__CTOR_LIST__, ABSOLUTE (.))
 *(.ctors)
 *(SORT(.ctors.*))
                0x00004ee0                PROVIDE (__CTOR_END__, ABSOLUTE (.))
                0x00004ee0                PROVIDE (__DTOR_LIST__, ABSOLUTE (.))
 *(.dtors)
 *(SORT(.dtors.*))
                0x00004ee0                PROVIDE (__DTOR_END__, ABSOLUTE (.))
 *(.jcr)
                0x00004ee0                . = ALIGN (0x4)

.rodata         0x00004ee0      0x154
                0x00004ee0                PROVIDE (__ram_rodata_start, ABSOLUTE (.))
                0x00004ee0                . = ALIGN (0x4)
 *(.rodata .rodata.* .gnu.linkonce.r.*)
 .rodata.str1.4
                0x00004ee0       0x4d obj/default/hello_world_small.o
                                 0x50 (size before relaxing)
 .rodata        0x00004f2d      0x100 c:/altera/13.0sp1/nios2eds/bin/gnu/h-i686-mingw32/bin/../lib/gcc/nios2-elf/4.1.2/mno-hw-mul\libgcc.a(_popcount_tab.o)
                0x00004f2d                __popcount_tab
 *fill*         0x0000502d        0x3 00
 .rodata.str1.4
                0x00005030        0x4 c:/altera/13.0sp1/nios2eds/bin/gnu/h-i686-mingw32/bin/../lib/gcc/nios2-elf/4.1.2/../../../../nios2-elf/lib/mno-hw-mul\libsmallc.a(lib_a-puts.o)
 *(.rodata1)
                0x00005034                . = ALIGN (0x4)
                0x00005034                PROVIDE (__ram_rodata_end, ABSOLUTE (.))
                0x00004ee0                PROVIDE (__flash_rodata_start, LOADADDR (.rodata))

.rwdata         0x00005034       0xf0 load address 0x00005124
                0x00005034                PROVIDE (__ram_rwdata_start, ABSOLUTE (.))
                0x00005034                . = ALIGN (0x4)
 *(.got.plt)
 *(.got)
 *(.data1)
 *(.data .data.* .gnu.linkonce.d.*)
 .data          0x00005034        0x0 ../LedGame_bsp//obj/HAL/src/crt0.o
 .data          0x00005034        0x0 obj/default/hello_world_small.o
 .data          0x00005034        0x0 c:/altera/13.0sp1/nios2eds/bin/gnu/h-i686-mingw32/bin/../lib/gcc/nios2-elf/4.1.2/mno-hw-mul\libgcc.a(_popcountsi2.o)
 .data          0x00005034        0x0 c:/altera/13.0sp1/nios2eds/bin/gnu/h-i686-mingw32/bin/../lib/gcc/nios2-elf/4.1.2/mno-hw-mul\libgcc.a(lib2-divmod.o)
 .data          0x00005034        0x0 c:/altera/13.0sp1/nios2eds/bin/gnu/h-i686-mingw32/bin/../lib/gcc/nios2-elf/4.1.2/mno-hw-mul\libgcc.a(_popcount_tab.o)
 .data          0x00005034        0x0 c:/altera/13.0sp1/nios2eds/bin/gnu/h-i686-mingw32/bin/../lib/gcc/nios2-elf/4.1.2/../../../../nios2-elf/lib/mno-hw-mul\libsmallc.a(lib_a-printf.o)
 .data          0x00005034        0x0 c:/altera/13.0sp1/nios2eds/bin/gnu/h-i686-mingw32/bin/../lib/gcc/nios2-elf/4.1.2/../../../../nios2-elf/lib/mno-hw-mul\libsmallc.a(lib_a-puts.o)
 .data          0x00005034        0x0 c:/altera/13.0sp1/nios2eds/bin/gnu/h-i686-mingw32/bin/../lib/gcc/nios2-elf/4.1.2/../../../../nios2-elf/lib/mno-hw-mul\libsmallc.a(lib_a-strlen.o)
 .data          0x00005034        0x0 c:/altera/13.0sp1/nios2eds/bin/gnu/h-i686-mingw32/bin/../lib/gcc/nios2-elf/4.1.2/../../../../nios2-elf/lib/mno-hw-mul\libsmallc.a(lib_a-vfprintf.o)
 .data          0x00005034        0x0 c:/altera/13.0sp1/nios2eds/bin/gnu/h-i686-mingw32/bin/../lib/gcc/nios2-elf/4.1.2/../../../../nios2-elf/lib/mno-hw-mul\libsmallc.a(lib_a-fvwrite_small_dev.o)
 .data          0x00005034       0xe0 c:/altera/13.0sp1/nios2eds/bin/gnu/h-i686-mingw32/bin/../lib/gcc/nios2-elf/4.1.2/../../../../nios2-elf/lib/mno-hw-mul\libsmallc.a(lib_a-impure.o)
 .data          0x00005114        0x0 c:/altera/13.0sp1/nios2eds/bin/gnu/h-i686-mingw32/bin/../lib/gcc/nios2-elf/4.1.2/../../../../nios2-elf/lib/mno-hw-mul\libsmallc.a(lib_a-writer.o)
 .data          0x00005114        0x0 c:/altera/13.0sp1/nios2eds/bin/gnu/h-i686-mingw32/bin/../lib/gcc/nios2-elf/4.1.2/../../../../nios2-elf/lib/mno-hw-mul\libsmallc.a(lib_a-int_errno.o)
 .data          0x00005114        0x0 c:/altera/13.0sp1/nios2eds/bin/gnu/h-i686-mingw32/bin/../lib/gcc/nios2-elf/4.1.2/mno-hw-mul\libgcc.a(lib2-mul.o)
 .data          0x00005114        0x0 ../LedGame_bsp/\libhal_bsp.a(alt_load.o)
 .data          0x00005114        0x0 ../LedGame_bsp/\libhal_bsp.a(alt_main.o)
 .data          0x00005114        0x0 ../LedGame_bsp/\libhal_bsp.a(alt_usleep.o)
 .data          0x00005114        0x0 ../LedGame_bsp/\libhal_bsp.a(alt_write.o)
 .data          0x00005114        0x0 ../LedGame_bsp/\libhal_bsp.a(alt_sys_init.o)
 .data          0x00005114        0x0 ../LedGame_bsp/\libhal_bsp.a(altera_avalon_jtag_uart_write.o)
 .data          0x00005114        0x0 ../LedGame_bsp/\libhal_bsp.a(alt_busy_sleep.o)
 .data          0x00005114        0x0 ../LedGame_bsp/\libhal_bsp.a(alt_dcache_flush_all.o)
 .data          0x00005114        0x0 ../LedGame_bsp/\libhal_bsp.a(alt_errno.o)
 .data          0x00005114        0x0 ../LedGame_bsp/\libhal_bsp.a(alt_icache_flush_all.o)
 .data          0x00005114        0x0 ../LedGame_bsp/\libhal_bsp.a(altera_nios2_qsys_irq.o)
                0x0000d114                _gp = ABSOLUTE ((. + 0x8000))
                0x0000d114                PROVIDE (gp, _gp)
 *(.rwdata .rwdata.*)
 *(.sdata .sdata.* .gnu.linkonce.s.*)
 .sdata         0x00005114        0x8 c:/altera/13.0sp1/nios2eds/bin/gnu/h-i686-mingw32/bin/../lib/gcc/nios2-elf/4.1.2/../../../../nios2-elf/lib/mno-hw-mul\libsmallc.a(lib_a-impure.o)
                0x00005114                _impure_ptr
                0x00005118                _global_impure_ptr
 .sdata         0x0000511c        0x4 ../LedGame_bsp/\libhal_bsp.a(alt_sys_init.o)
                0x0000511c                jtag_uart_0
 .sdata         0x00005120        0x4 ../LedGame_bsp/\libhal_bsp.a(alt_errno.o)
                0x00005120                alt_errno
 *(.sdata2 .sdata2.* .gnu.linkonce.s2.*)
                0x00005124                . = ALIGN (0x4)
                0x00005124                _edata = ABSOLUTE (.)
                0x00005124                PROVIDE (edata, ABSOLUTE (.))
                0x00005124                PROVIDE (__ram_rwdata_end, ABSOLUTE (.))
                0x00005124                PROVIDE (__flash_rwdata_start, LOADADDR (.rwdata))

.bss            0x00005214       0x10
                0x00005214                __bss_start = ABSOLUTE (.)
                0x00005214                PROVIDE (__sbss_start, ABSOLUTE (.))
                0x00005214                PROVIDE (___sbss_start, ABSOLUTE (.))
 *(.dynsbss)
 *(.sbss .sbss.* .gnu.linkonce.sb.*)
 .sbss          0x00005214        0x4 c:/altera/13.0sp1/nios2eds/bin/gnu/h-i686-mingw32/bin/../lib/gcc/nios2-elf/4.1.2/../../../../nios2-elf/lib/mno-hw-mul\libsmallc.a(lib_a-int_errno.o)
                0x00005214                errno
 .sbss          0x00005218        0xc ../LedGame_bsp/\libhal_bsp.a(alt_main.o)
                0x00005218                alt_argc
                0x0000521c                alt_argv
                0x00005220                alt_envp
 *(.sbss2 .sbss2.* .gnu.linkonce.sb2.*)
 *(.scommon)
                0x00005224                PROVIDE (__sbss_end, ABSOLUTE (.))
                0x00005224                PROVIDE (___sbss_end, ABSOLUTE (.))
 *(.dynbss)
 *(.bss .bss.* .gnu.linkonce.b.*)
 .bss           0x00005224        0x0 ../LedGame_bsp//obj/HAL/src/crt0.o
 .bss           0x00005224        0x0 obj/default/hello_world_small.o
 .bss           0x00005224        0x0 c:/altera/13.0sp1/nios2eds/bin/gnu/h-i686-mingw32/bin/../lib/gcc/nios2-elf/4.1.2/mno-hw-mul\libgcc.a(_popcountsi2.o)
 .bss           0x00005224        0x0 c:/altera/13.0sp1/nios2eds/bin/gnu/h-i686-mingw32/bin/../lib/gcc/nios2-elf/4.1.2/mno-hw-mul\libgcc.a(lib2-divmod.o)
 .bss           0x00005224        0x0 c:/altera/13.0sp1/nios2eds/bin/gnu/h-i686-mingw32/bin/../lib/gcc/nios2-elf/4.1.2/mno-hw-mul\libgcc.a(_popcount_tab.o)
 .bss           0x00005224        0x0 c:/altera/13.0sp1/nios2eds/bin/gnu/h-i686-mingw32/bin/../lib/gcc/nios2-elf/4.1.2/../../../../nios2-elf/lib/mno-hw-mul\libsmallc.a(lib_a-printf.o)
 .bss           0x00005224        0x0 c:/altera/13.0sp1/nios2eds/bin/gnu/h-i686-mingw32/bin/../lib/gcc/nios2-elf/4.1.2/../../../../nios2-elf/lib/mno-hw-mul\libsmallc.a(lib_a-puts.o)
 .bss           0x00005224        0x0 c:/altera/13.0sp1/nios2eds/bin/gnu/h-i686-mingw32/bin/../lib/gcc/nios2-elf/4.1.2/../../../../nios2-elf/lib/mno-hw-mul\libsmallc.a(lib_a-strlen.o)
 .bss           0x00005224        0x0 c:/altera/13.0sp1/nios2eds/bin/gnu/h-i686-mingw32/bin/../lib/gcc/nios2-elf/4.1.2/../../../../nios2-elf/lib/mno-hw-mul\libsmallc.a(lib_a-vfprintf.o)
 .bss           0x00005224        0x0 c:/altera/13.0sp1/nios2eds/bin/gnu/h-i686-mingw32/bin/../lib/gcc/nios2-elf/4.1.2/../../../../nios2-elf/lib/mno-hw-mul\libsmallc.a(lib_a-fvwrite_small_dev.o)
 .bss           0x00005224        0x0 c:/altera/13.0sp1/nios2eds/bin/gnu/h-i686-mingw32/bin/../lib/gcc/nios2-elf/4.1.2/../../../../nios2-elf/lib/mno-hw-mul\libsmallc.a(lib_a-impure.o)
 .bss           0x00005224        0x0 c:/altera/13.0sp1/nios2eds/bin/gnu/h-i686-mingw32/bin/../lib/gcc/nios2-elf/4.1.2/../../../../nios2-elf/lib/mno-hw-mul\libsmallc.a(lib_a-writer.o)
 .bss           0x00005224        0x0 c:/altera/13.0sp1/nios2eds/bin/gnu/h-i686-mingw32/bin/../lib/gcc/nios2-elf/4.1.2/../../../../nios2-elf/lib/mno-hw-mul\libsmallc.a(lib_a-int_errno.o)
 .bss           0x00005224        0x0 c:/altera/13.0sp1/nios2eds/bin/gnu/h-i686-mingw32/bin/../lib/gcc/nios2-elf/4.1.2/mno-hw-mul\libgcc.a(lib2-mul.o)
 .bss           0x00005224        0x0 ../LedGame_bsp/\libhal_bsp.a(alt_load.o)
 .bss           0x00005224        0x0 ../LedGame_bsp/\libhal_bsp.a(alt_main.o)
 .bss           0x00005224        0x0 ../LedGame_bsp/\libhal_bsp.a(alt_usleep.o)
 .bss           0x00005224        0x0 ../LedGame_bsp/\libhal_bsp.a(alt_write.o)
 .bss           0x00005224        0x0 ../LedGame_bsp/\libhal_bsp.a(alt_sys_init.o)
 .bss           0x00005224        0x0 ../LedGame_bsp/\libhal_bsp.a(altera_avalon_jtag_uart_write.o)
 .bss           0x00005224        0x0 ../LedGame_bsp/\libhal_bsp.a(alt_busy_sleep.o)
 .bss           0x00005224        0x0 ../LedGame_bsp/\libhal_bsp.a(alt_dcache_flush_all.o)
 .bss           0x00005224        0x0 ../LedGame_bsp/\libhal_bsp.a(alt_errno.o)
 .bss           0x00005224        0x0 ../LedGame_bsp/\libhal_bsp.a(alt_icache_flush_all.o)
 .bss           0x00005224        0x0 ../LedGame_bsp/\libhal_bsp.a(altera_nios2_qsys_irq.o)
 *(COMMON)
                0x00005224                . = ALIGN (0x4)
                0x00005224                __bss_end = ABSOLUTE (.)

.onchip_memory2_0
                0x00005224        0x0
                0x00005224                PROVIDE (_alt_partition_onchip_memory2_0_start, ABSOLUTE (.))
 *(.onchip_memory2_0. onchip_memory2_0.*)
                0x00005224                . = ALIGN (0x4)
                0x00005224                PROVIDE (_alt_partition_onchip_memory2_0_end, ABSOLUTE (.))
                0x00005224                _end = ABSOLUTE (.)
                0x00005224                end = ABSOLUTE (.)
                0x00005224                __alt_stack_base = ABSOLUTE (.)
                0x00005224                PROVIDE (_alt_partition_onchip_memory2_0_load_addr, LOADADDR (.onchip_memory2_0))

.stab
 *(.stab)

.stabstr
 *(.stabstr)

.stab.excl
 *(.stab.excl)

.stab.exclstr
 *(.stab.exclstr)

.stab.index
 *(.stab.index)

.stab.indexstr
 *(.stab.indexstr)

.comment        0x00000000       0x26
 *(.comment)
 .comment       0x00000000       0x26 obj/default/hello_world_small.o
                                 0x27 (size before relaxing)
 .comment       0x00000000       0x27 c:/altera/13.0sp1/nios2eds/bin/gnu/h-i686-mingw32/bin/../lib/gcc/nios2-elf/4.1.2/mno-hw-mul\libgcc.a(_popcountsi2.o)
 .comment       0x00000000       0x27 c:/altera/13.0sp1/nios2eds/bin/gnu/h-i686-mingw32/bin/../lib/gcc/nios2-elf/4.1.2/mno-hw-mul\libgcc.a(lib2-divmod.o)
 .comment       0x00000000       0x27 c:/altera/13.0sp1/nios2eds/bin/gnu/h-i686-mingw32/bin/../lib/gcc/nios2-elf/4.1.2/mno-hw-mul\libgcc.a(_popcount_tab.o)
 .comment       0x00000000       0x27 c:/altera/13.0sp1/nios2eds/bin/gnu/h-i686-mingw32/bin/../lib/gcc/nios2-elf/4.1.2/../../../../nios2-elf/lib/mno-hw-mul\libsmallc.a(lib_a-printf.o)
 .comment       0x00000000       0x27 c:/altera/13.0sp1/nios2eds/bin/gnu/h-i686-mingw32/bin/../lib/gcc/nios2-elf/4.1.2/../../../../nios2-elf/lib/mno-hw-mul\libsmallc.a(lib_a-puts.o)
 .comment       0x00000000       0x27 c:/altera/13.0sp1/nios2eds/bin/gnu/h-i686-mingw32/bin/../lib/gcc/nios2-elf/4.1.2/../../../../nios2-elf/lib/mno-hw-mul\libsmallc.a(lib_a-strlen.o)
 .comment       0x00000000       0x27 c:/altera/13.0sp1/nios2eds/bin/gnu/h-i686-mingw32/bin/../lib/gcc/nios2-elf/4.1.2/../../../../nios2-elf/lib/mno-hw-mul\libsmallc.a(lib_a-vfprintf.o)
 .comment       0x00000000       0x27 c:/altera/13.0sp1/nios2eds/bin/gnu/h-i686-mingw32/bin/../lib/gcc/nios2-elf/4.1.2/../../../../nios2-elf/lib/mno-hw-mul\libsmallc.a(lib_a-fvwrite_small_dev.o)
 .comment       0x00000000       0x27 c:/altera/13.0sp1/nios2eds/bin/gnu/h-i686-mingw32/bin/../lib/gcc/nios2-elf/4.1.2/../../../../nios2-elf/lib/mno-hw-mul\libsmallc.a(lib_a-impure.o)
 .comment       0x00000000       0x27 c:/altera/13.0sp1/nios2eds/bin/gnu/h-i686-mingw32/bin/../lib/gcc/nios2-elf/4.1.2/../../../../nios2-elf/lib/mno-hw-mul\libsmallc.a(lib_a-writer.o)
 .comment       0x00000000       0x27 c:/altera/13.0sp1/nios2eds/bin/gnu/h-i686-mingw32/bin/../lib/gcc/nios2-elf/4.1.2/../../../../nios2-elf/lib/mno-hw-mul\libsmallc.a(lib_a-int_errno.o)
 .comment       0x00000000       0x27 c:/altera/13.0sp1/nios2eds/bin/gnu/h-i686-mingw32/bin/../lib/gcc/nios2-elf/4.1.2/mno-hw-mul\libgcc.a(lib2-mul.o)
 .comment       0x00000000       0x27 ../LedGame_bsp/\libhal_bsp.a(alt_load.o)
 .comment       0x00000000       0x27 ../LedGame_bsp/\libhal_bsp.a(alt_main.o)
 .comment       0x00000000       0x27 ../LedGame_bsp/\libhal_bsp.a(alt_usleep.o)
 .comment       0x00000000       0x27 ../LedGame_bsp/\libhal_bsp.a(alt_write.o)
 .comment       0x00000000       0x27 ../LedGame_bsp/\libhal_bsp.a(alt_sys_init.o)
 .comment       0x00000000       0x27 ../LedGame_bsp/\libhal_bsp.a(altera_avalon_jtag_uart_write.o)
 .comment       0x00000000       0x27 ../LedGame_bsp/\libhal_bsp.a(alt_busy_sleep.o)
 .comment       0x00000000       0x27 ../LedGame_bsp/\libhal_bsp.a(alt_dcache_flush_all.o)
 .comment       0x00000000       0x27 ../LedGame_bsp/\libhal_bsp.a(alt_errno.o)
 .comment       0x00000000       0x27 ../LedGame_bsp/\libhal_bsp.a(alt_icache_flush_all.o)
 .comment       0x00000000       0x27 ../LedGame_bsp/\libhal_bsp.a(altera_nios2_qsys_irq.o)

.debug
 *(.debug)

.line
 *(.line)

.debug_srcinfo
 *(.debug_srcinfo)

.debug_sfnames
 *(.debug_sfnames)

.debug_aranges  0x00000000      0x2a8
 *(.debug_aranges)
 .debug_aranges
                0x00000000       0x28 ../LedGame_bsp//obj/HAL/src/crt0.o
 .debug_aranges
                0x00000028       0x20 obj/default/hello_world_small.o
 .debug_aranges
                0x00000048       0x20 c:/altera/13.0sp1/nios2eds/bin/gnu/h-i686-mingw32/bin/../lib/gcc/nios2-elf/4.1.2/mno-hw-mul\libgcc.a(_popcountsi2.o)
 .debug_aranges
                0x00000068       0x20 c:/altera/13.0sp1/nios2eds/bin/gnu/h-i686-mingw32/bin/../lib/gcc/nios2-elf/4.1.2/mno-hw-mul\libgcc.a(lib2-divmod.o)
 .debug_aranges
                0x00000088       0x20 c:/altera/13.0sp1/nios2eds/bin/gnu/h-i686-mingw32/bin/../lib/gcc/nios2-elf/4.1.2/../../../../nios2-elf/lib/mno-hw-mul\libsmallc.a(lib_a-printf.o)
 .debug_aranges
                0x000000a8       0x20 c:/altera/13.0sp1/nios2eds/bin/gnu/h-i686-mingw32/bin/../lib/gcc/nios2-elf/4.1.2/../../../../nios2-elf/lib/mno-hw-mul\libsmallc.a(lib_a-puts.o)
 .debug_aranges
                0x000000c8       0x20 c:/altera/13.0sp1/nios2eds/bin/gnu/h-i686-mingw32/bin/../lib/gcc/nios2-elf/4.1.2/../../../../nios2-elf/lib/mno-hw-mul\libsmallc.a(lib_a-strlen.o)
 .debug_aranges
                0x000000e8       0x20 c:/altera/13.0sp1/nios2eds/bin/gnu/h-i686-mingw32/bin/../lib/gcc/nios2-elf/4.1.2/../../../../nios2-elf/lib/mno-hw-mul\libsmallc.a(lib_a-vfprintf.o)
 .debug_aranges
                0x00000108       0x20 c:/altera/13.0sp1/nios2eds/bin/gnu/h-i686-mingw32/bin/../lib/gcc/nios2-elf/4.1.2/../../../../nios2-elf/lib/mno-hw-mul\libsmallc.a(lib_a-fvwrite_small_dev.o)
 .debug_aranges
                0x00000128       0x20 c:/altera/13.0sp1/nios2eds/bin/gnu/h-i686-mingw32/bin/../lib/gcc/nios2-elf/4.1.2/../../../../nios2-elf/lib/mno-hw-mul\libsmallc.a(lib_a-writer.o)
 .debug_aranges
                0x00000148       0x20 c:/altera/13.0sp1/nios2eds/bin/gnu/h-i686-mingw32/bin/../lib/gcc/nios2-elf/4.1.2/mno-hw-mul\libgcc.a(lib2-mul.o)
 .debug_aranges
                0x00000168       0x20 ../LedGame_bsp/\libhal_bsp.a(alt_load.o)
 .debug_aranges
                0x00000188       0x20 ../LedGame_bsp/\libhal_bsp.a(alt_main.o)
 .debug_aranges
                0x000001a8       0x20 ../LedGame_bsp/\libhal_bsp.a(alt_usleep.o)
 .debug_aranges
                0x000001c8       0x20 ../LedGame_bsp/\libhal_bsp.a(alt_write.o)
 .debug_aranges
                0x000001e8       0x20 ../LedGame_bsp/\libhal_bsp.a(alt_sys_init.o)
 .debug_aranges
                0x00000208       0x20 ../LedGame_bsp/\libhal_bsp.a(altera_avalon_jtag_uart_write.o)
 .debug_aranges
                0x00000228       0x20 ../LedGame_bsp/\libhal_bsp.a(alt_busy_sleep.o)
 .debug_aranges
                0x00000248       0x20 ../LedGame_bsp/\libhal_bsp.a(alt_dcache_flush_all.o)
 .debug_aranges
                0x00000268       0x20 ../LedGame_bsp/\libhal_bsp.a(alt_icache_flush_all.o)
 .debug_aranges
                0x00000288       0x20 ../LedGame_bsp/\libhal_bsp.a(altera_nios2_qsys_irq.o)

.debug_pubnames
                0x00000000      0x400
 *(.debug_pubnames)
 .debug_pubnames
                0x00000000       0x1b obj/default/hello_world_small.o
 .debug_pubnames
                0x0000001b       0x24 c:/altera/13.0sp1/nios2eds/bin/gnu/h-i686-mingw32/bin/../lib/gcc/nios2-elf/4.1.2/mno-hw-mul\libgcc.a(_popcountsi2.o)
 .debug_pubnames
                0x0000003f       0x48 c:/altera/13.0sp1/nios2eds/bin/gnu/h-i686-mingw32/bin/../lib/gcc/nios2-elf/4.1.2/mno-hw-mul\libgcc.a(lib2-divmod.o)
 .debug_pubnames
                0x00000087       0x25 c:/altera/13.0sp1/nios2eds/bin/gnu/h-i686-mingw32/bin/../lib/gcc/nios2-elf/4.1.2/mno-hw-mul\libgcc.a(_popcount_tab.o)
 .debug_pubnames
                0x000000ac       0x2b c:/altera/13.0sp1/nios2eds/bin/gnu/h-i686-mingw32/bin/../lib/gcc/nios2-elf/4.1.2/../../../../nios2-elf/lib/mno-hw-mul\libsmallc.a(lib_a-printf.o)
 .debug_pubnames
                0x000000d7       0x27 c:/altera/13.0sp1/nios2eds/bin/gnu/h-i686-mingw32/bin/../lib/gcc/nios2-elf/4.1.2/../../../../nios2-elf/lib/mno-hw-mul\libsmallc.a(lib_a-puts.o)
 .debug_pubnames
                0x000000fe       0x1d c:/altera/13.0sp1/nios2eds/bin/gnu/h-i686-mingw32/bin/../lib/gcc/nios2-elf/4.1.2/../../../../nios2-elf/lib/mno-hw-mul\libsmallc.a(lib_a-strlen.o)
 .debug_pubnames
                0x0000011b       0x45 c:/altera/13.0sp1/nios2eds/bin/gnu/h-i686-mingw32/bin/../lib/gcc/nios2-elf/4.1.2/../../../../nios2-elf/lib/mno-hw-mul\libsmallc.a(lib_a-vfprintf.o)
 .debug_pubnames
                0x00000160       0x2b c:/altera/13.0sp1/nios2eds/bin/gnu/h-i686-mingw32/bin/../lib/gcc/nios2-elf/4.1.2/../../../../nios2-elf/lib/mno-hw-mul\libsmallc.a(lib_a-fvwrite_small_dev.o)
 .debug_pubnames
                0x0000018b       0x39 c:/altera/13.0sp1/nios2eds/bin/gnu/h-i686-mingw32/bin/../lib/gcc/nios2-elf/4.1.2/../../../../nios2-elf/lib/mno-hw-mul\libsmallc.a(lib_a-impure.o)
 .debug_pubnames
                0x000001c4       0x1f c:/altera/13.0sp1/nios2eds/bin/gnu/h-i686-mingw32/bin/../lib/gcc/nios2-elf/4.1.2/../../../../nios2-elf/lib/mno-hw-mul\libsmallc.a(lib_a-writer.o)
 .debug_pubnames
                0x000001e3       0x1c c:/altera/13.0sp1/nios2eds/bin/gnu/h-i686-mingw32/bin/../lib/gcc/nios2-elf/4.1.2/../../../../nios2-elf/lib/mno-hw-mul\libsmallc.a(lib_a-int_errno.o)
 .debug_pubnames
                0x000001ff       0x1f c:/altera/13.0sp1/nios2eds/bin/gnu/h-i686-mingw32/bin/../lib/gcc/nios2-elf/4.1.2/mno-hw-mul\libgcc.a(lib2-mul.o)
 .debug_pubnames
                0x0000021e       0x1f ../LedGame_bsp/\libhal_bsp.a(alt_load.o)
 .debug_pubnames
                0x0000023d       0x46 ../LedGame_bsp/\libhal_bsp.a(alt_main.o)
 .debug_pubnames
                0x00000283       0x1d ../LedGame_bsp/\libhal_bsp.a(alt_usleep.o)
 .debug_pubnames
                0x000002a0       0x1c ../LedGame_bsp/\libhal_bsp.a(alt_write.o)
 .debug_pubnames
                0x000002bc       0x44 ../LedGame_bsp/\libhal_bsp.a(alt_sys_init.o)
 .debug_pubnames
                0x00000300       0x34 ../LedGame_bsp/\libhal_bsp.a(altera_avalon_jtag_uart_write.o)
 .debug_pubnames
                0x00000334       0x25 ../LedGame_bsp/\libhal_bsp.a(alt_busy_sleep.o)
 .debug_pubnames
                0x00000359       0x2b ../LedGame_bsp/\libhal_bsp.a(alt_dcache_flush_all.o)
 .debug_pubnames
                0x00000384       0x20 ../LedGame_bsp/\libhal_bsp.a(alt_errno.o)
 .debug_pubnames
                0x000003a4       0x2b ../LedGame_bsp/\libhal_bsp.a(alt_icache_flush_all.o)
 .debug_pubnames
                0x000003cf       0x31 ../LedGame_bsp/\libhal_bsp.a(altera_nios2_qsys_irq.o)

.debug_info     0x00000000     0x3c74
 *(.debug_info .gnu.linkonce.wi.*)
 .debug_info    0x00000000       0x64 ../LedGame_bsp//obj/HAL/src/crt0.o
 .debug_info    0x00000064       0xde obj/default/hello_world_small.o
 .debug_info    0x00000142      0x114 c:/altera/13.0sp1/nios2eds/bin/gnu/h-i686-mingw32/bin/../lib/gcc/nios2-elf/4.1.2/mno-hw-mul\libgcc.a(_popcountsi2.o)
 .debug_info    0x00000256      0x21c c:/altera/13.0sp1/nios2eds/bin/gnu/h-i686-mingw32/bin/../lib/gcc/nios2-elf/4.1.2/mno-hw-mul\libgcc.a(lib2-divmod.o)
 .debug_info    0x00000472       0xc9 c:/altera/13.0sp1/nios2eds/bin/gnu/h-i686-mingw32/bin/../lib/gcc/nios2-elf/4.1.2/mno-hw-mul\libgcc.a(_popcount_tab.o)
 .debug_info    0x0000053b      0x6c8 c:/altera/13.0sp1/nios2eds/bin/gnu/h-i686-mingw32/bin/../lib/gcc/nios2-elf/4.1.2/../../../../nios2-elf/lib/mno-hw-mul\libsmallc.a(lib_a-printf.o)
 .debug_info    0x00000c03      0x685 c:/altera/13.0sp1/nios2eds/bin/gnu/h-i686-mingw32/bin/../lib/gcc/nios2-elf/4.1.2/../../../../nios2-elf/lib/mno-hw-mul\libsmallc.a(lib_a-puts.o)
 .debug_info    0x00001288       0xc2 c:/altera/13.0sp1/nios2eds/bin/gnu/h-i686-mingw32/bin/../lib/gcc/nios2-elf/4.1.2/../../../../nios2-elf/lib/mno-hw-mul\libsmallc.a(lib_a-strlen.o)
 .debug_info    0x0000134a      0x9b6 c:/altera/13.0sp1/nios2eds/bin/gnu/h-i686-mingw32/bin/../lib/gcc/nios2-elf/4.1.2/../../../../nios2-elf/lib/mno-hw-mul\libsmallc.a(lib_a-vfprintf.o)
 .debug_info    0x00001d00      0x68e c:/altera/13.0sp1/nios2eds/bin/gnu/h-i686-mingw32/bin/../lib/gcc/nios2-elf/4.1.2/../../../../nios2-elf/lib/mno-hw-mul\libsmallc.a(lib_a-fvwrite_small_dev.o)
 .debug_info    0x0000238e      0x636 c:/altera/13.0sp1/nios2eds/bin/gnu/h-i686-mingw32/bin/../lib/gcc/nios2-elf/4.1.2/../../../../nios2-elf/lib/mno-hw-mul\libsmallc.a(lib_a-impure.o)
 .debug_info    0x000029c4      0x68c c:/altera/13.0sp1/nios2eds/bin/gnu/h-i686-mingw32/bin/../lib/gcc/nios2-elf/4.1.2/../../../../nios2-elf/lib/mno-hw-mul\libsmallc.a(lib_a-writer.o)
 .debug_info    0x00003050       0x8c c:/altera/13.0sp1/nios2eds/bin/gnu/h-i686-mingw32/bin/../lib/gcc/nios2-elf/4.1.2/../../../../nios2-elf/lib/mno-hw-mul\libsmallc.a(lib_a-int_errno.o)
 .debug_info    0x000030dc       0xf3 c:/altera/13.0sp1/nios2eds/bin/gnu/h-i686-mingw32/bin/../lib/gcc/nios2-elf/4.1.2/mno-hw-mul\libgcc.a(lib2-mul.o)
 .debug_info    0x000031cf      0x12e ../LedGame_bsp/\libhal_bsp.a(alt_load.o)
 .debug_info    0x000032fd      0x125 ../LedGame_bsp/\libhal_bsp.a(alt_main.o)
 .debug_info    0x00003422       0xab ../LedGame_bsp/\libhal_bsp.a(alt_usleep.o)
 .debug_info    0x000034cd      0x179 ../LedGame_bsp/\libhal_bsp.a(alt_write.o)
 .debug_info    0x00003646      0x17d ../LedGame_bsp/\libhal_bsp.a(alt_sys_init.o)
 .debug_info    0x000037c3      0x18f ../LedGame_bsp/\libhal_bsp.a(altera_avalon_jtag_uart_write.o)
 .debug_info    0x00003952       0xd0 ../LedGame_bsp/\libhal_bsp.a(alt_busy_sleep.o)
 .debug_info    0x00003a22       0x8d ../LedGame_bsp/\libhal_bsp.a(alt_dcache_flush_all.o)
 .debug_info    0x00003aaf       0xab ../LedGame_bsp/\libhal_bsp.a(alt_errno.o)
 .debug_info    0x00003b5a       0x8d ../LedGame_bsp/\libhal_bsp.a(alt_icache_flush_all.o)
 .debug_info    0x00003be7       0x8d ../LedGame_bsp/\libhal_bsp.a(altera_nios2_qsys_irq.o)

.debug_abbrev   0x00000000     0x1308
 *(.debug_abbrev)
 .debug_abbrev  0x00000000       0x12 ../LedGame_bsp//obj/HAL/src/crt0.o
 .debug_abbrev  0x00000012       0x82 obj/default/hello_world_small.o
 .debug_abbrev  0x00000094       0xa5 c:/altera/13.0sp1/nios2eds/bin/gnu/h-i686-mingw32/bin/../lib/gcc/nios2-elf/4.1.2/mno-hw-mul\libgcc.a(_popcountsi2.o)
 .debug_abbrev  0x00000139       0xe0 c:/altera/13.0sp1/nios2eds/bin/gnu/h-i686-mingw32/bin/../lib/gcc/nios2-elf/4.1.2/mno-hw-mul\libgcc.a(lib2-divmod.o)
 .debug_abbrev  0x00000219       0x61 c:/altera/13.0sp1/nios2eds/bin/gnu/h-i686-mingw32/bin/../lib/gcc/nios2-elf/4.1.2/mno-hw-mul\libgcc.a(_popcount_tab.o)
 .debug_abbrev  0x0000027a      0x179 c:/altera/13.0sp1/nios2eds/bin/gnu/h-i686-mingw32/bin/../lib/gcc/nios2-elf/4.1.2/../../../../nios2-elf/lib/mno-hw-mul\libsmallc.a(lib_a-printf.o)
 .debug_abbrev  0x000003f3      0x180 c:/altera/13.0sp1/nios2eds/bin/gnu/h-i686-mingw32/bin/../lib/gcc/nios2-elf/4.1.2/../../../../nios2-elf/lib/mno-hw-mul\libsmallc.a(lib_a-puts.o)
 .debug_abbrev  0x00000573       0x7a c:/altera/13.0sp1/nios2eds/bin/gnu/h-i686-mingw32/bin/../lib/gcc/nios2-elf/4.1.2/../../../../nios2-elf/lib/mno-hw-mul\libsmallc.a(lib_a-strlen.o)
 .debug_abbrev  0x000005ed      0x263 c:/altera/13.0sp1/nios2eds/bin/gnu/h-i686-mingw32/bin/../lib/gcc/nios2-elf/4.1.2/../../../../nios2-elf/lib/mno-hw-mul\libsmallc.a(lib_a-vfprintf.o)
 .debug_abbrev  0x00000850      0x179 c:/altera/13.0sp1/nios2eds/bin/gnu/h-i686-mingw32/bin/../lib/gcc/nios2-elf/4.1.2/../../../../nios2-elf/lib/mno-hw-mul\libsmallc.a(lib_a-fvwrite_small_dev.o)
 .debug_abbrev  0x000009c9      0x13f c:/altera/13.0sp1/nios2eds/bin/gnu/h-i686-mingw32/bin/../lib/gcc/nios2-elf/4.1.2/../../../../nios2-elf/lib/mno-hw-mul\libsmallc.a(lib_a-impure.o)
 .debug_abbrev  0x00000b08      0x16c c:/altera/13.0sp1/nios2eds/bin/gnu/h-i686-mingw32/bin/../lib/gcc/nios2-elf/4.1.2/../../../../nios2-elf/lib/mno-hw-mul\libsmallc.a(lib_a-writer.o)
 .debug_abbrev  0x00000c74       0x3b c:/altera/13.0sp1/nios2eds/bin/gnu/h-i686-mingw32/bin/../lib/gcc/nios2-elf/4.1.2/../../../../nios2-elf/lib/mno-hw-mul\libsmallc.a(lib_a-int_errno.o)
 .debug_abbrev  0x00000caf       0x7b c:/altera/13.0sp1/nios2eds/bin/gnu/h-i686-mingw32/bin/../lib/gcc/nios2-elf/4.1.2/mno-hw-mul\libgcc.a(lib2-mul.o)
 .debug_abbrev  0x00000d2a       0x97 ../LedGame_bsp/\libhal_bsp.a(alt_load.o)
 .debug_abbrev  0x00000dc1       0xa6 ../LedGame_bsp/\libhal_bsp.a(alt_main.o)
 .debug_abbrev  0x00000e67       0x5d ../LedGame_bsp/\libhal_bsp.a(alt_usleep.o)
 .debug_abbrev  0x00000ec4       0xdd ../LedGame_bsp/\libhal_bsp.a(alt_write.o)
 .debug_abbrev  0x00000fa1       0xe3 ../LedGame_bsp/\libhal_bsp.a(alt_sys_init.o)
 .debug_abbrev  0x00001084       0xf0 ../LedGame_bsp/\libhal_bsp.a(altera_avalon_jtag_uart_write.o)
 .debug_abbrev  0x00001174       0x79 ../LedGame_bsp/\libhal_bsp.a(alt_busy_sleep.o)
 .debug_abbrev  0x000011ed       0x3f ../LedGame_bsp/\libhal_bsp.a(alt_dcache_flush_all.o)
 .debug_abbrev  0x0000122c       0x5e ../LedGame_bsp/\libhal_bsp.a(alt_errno.o)
 .debug_abbrev  0x0000128a       0x3f ../LedGame_bsp/\libhal_bsp.a(alt_icache_flush_all.o)
 .debug_abbrev  0x000012c9       0x3f ../LedGame_bsp/\libhal_bsp.a(altera_nios2_qsys_irq.o)

.debug_line     0x00000000     0x3755
 *(.debug_line)
 .debug_line    0x00000000       0x66 ../LedGame_bsp//obj/HAL/src/crt0.o
 .debug_line    0x00000066      0x257 obj/default/hello_world_small.o
 .debug_line    0x000002bd       0xc7 c:/altera/13.0sp1/nios2eds/bin/gnu/h-i686-mingw32/bin/../lib/gcc/nios2-elf/4.1.2/mno-hw-mul\libgcc.a(_popcountsi2.o)
 .debug_line    0x00000384      0x24f c:/altera/13.0sp1/nios2eds/bin/gnu/h-i686-mingw32/bin/../lib/gcc/nios2-elf/4.1.2/mno-hw-mul\libgcc.a(lib2-divmod.o)
 .debug_line    0x000005d3       0xaa c:/altera/13.0sp1/nios2eds/bin/gnu/h-i686-mingw32/bin/../lib/gcc/nios2-elf/4.1.2/mno-hw-mul\libgcc.a(_popcount_tab.o)
 .debug_line    0x0000067d      0x2be c:/altera/13.0sp1/nios2eds/bin/gnu/h-i686-mingw32/bin/../lib/gcc/nios2-elf/4.1.2/../../../../nios2-elf/lib/mno-hw-mul\libsmallc.a(lib_a-printf.o)
 .debug_line    0x0000093b      0x2b2 c:/altera/13.0sp1/nios2eds/bin/gnu/h-i686-mingw32/bin/../lib/gcc/nios2-elf/4.1.2/../../../../nios2-elf/lib/mno-hw-mul\libsmallc.a(lib_a-puts.o)
 .debug_line    0x00000bed      0x250 c:/altera/13.0sp1/nios2eds/bin/gnu/h-i686-mingw32/bin/../lib/gcc/nios2-elf/4.1.2/../../../../nios2-elf/lib/mno-hw-mul\libsmallc.a(lib_a-strlen.o)
 .debug_line    0x00000e3d      0x666 c:/altera/13.0sp1/nios2eds/bin/gnu/h-i686-mingw32/bin/../lib/gcc/nios2-elf/4.1.2/../../../../nios2-elf/lib/mno-hw-mul\libsmallc.a(lib_a-vfprintf.o)
 .debug_line    0x000014a3      0x2a9 c:/altera/13.0sp1/nios2eds/bin/gnu/h-i686-mingw32/bin/../lib/gcc/nios2-elf/4.1.2/../../../../nios2-elf/lib/mno-hw-mul\libsmallc.a(lib_a-fvwrite_small_dev.o)
 .debug_line    0x0000174c      0x230 c:/altera/13.0sp1/nios2eds/bin/gnu/h-i686-mingw32/bin/../lib/gcc/nios2-elf/4.1.2/../../../../nios2-elf/lib/mno-hw-mul\libsmallc.a(lib_a-impure.o)
 .debug_line    0x0000197c      0x29d c:/altera/13.0sp1/nios2eds/bin/gnu/h-i686-mingw32/bin/../lib/gcc/nios2-elf/4.1.2/../../../../nios2-elf/lib/mno-hw-mul\libsmallc.a(lib_a-writer.o)
 .debug_line    0x00001c19      0x1e2 c:/altera/13.0sp1/nios2eds/bin/gnu/h-i686-mingw32/bin/../lib/gcc/nios2-elf/4.1.2/../../../../nios2-elf/lib/mno-hw-mul\libsmallc.a(lib_a-int_errno.o)
 .debug_line    0x00001dfb      0x11a c:/altera/13.0sp1/nios2eds/bin/gnu/h-i686-mingw32/bin/../lib/gcc/nios2-elf/4.1.2/mno-hw-mul\libgcc.a(lib2-mul.o)
 .debug_line    0x00001f15      0x217 ../LedGame_bsp/\libhal_bsp.a(alt_load.o)
 .debug_line    0x0000212c      0x2c2 ../LedGame_bsp/\libhal_bsp.a(alt_main.o)
 .debug_line    0x000023ee      0x202 ../LedGame_bsp/\libhal_bsp.a(alt_usleep.o)
 .debug_line    0x000025f0      0x2ab ../LedGame_bsp/\libhal_bsp.a(alt_write.o)
 .debug_line    0x0000289b      0x286 ../LedGame_bsp/\libhal_bsp.a(alt_sys_init.o)
 .debug_line    0x00002b21      0x2f4 ../LedGame_bsp/\libhal_bsp.a(altera_avalon_jtag_uart_write.o)
 .debug_line    0x00002e15      0x25e ../LedGame_bsp/\libhal_bsp.a(alt_busy_sleep.o)
 .debug_line    0x00003073      0x1b5 ../LedGame_bsp/\libhal_bsp.a(alt_dcache_flush_all.o)
 .debug_line    0x00003228      0x1aa ../LedGame_bsp/\libhal_bsp.a(alt_errno.o)
 .debug_line    0x000033d2      0x1b5 ../LedGame_bsp/\libhal_bsp.a(alt_icache_flush_all.o)
 .debug_line    0x00003587      0x1ce ../LedGame_bsp/\libhal_bsp.a(altera_nios2_qsys_irq.o)

.debug_frame    0x00000000      0x3c0
 *(.debug_frame)
 .debug_frame   0x00000000       0x2c obj/default/hello_world_small.o
 .debug_frame   0x0000002c       0x20 c:/altera/13.0sp1/nios2eds/bin/gnu/h-i686-mingw32/bin/../lib/gcc/nios2-elf/4.1.2/mno-hw-mul\libgcc.a(_popcountsi2.o)
 .debug_frame   0x0000004c       0x70 c:/altera/13.0sp1/nios2eds/bin/gnu/h-i686-mingw32/bin/../lib/gcc/nios2-elf/4.1.2/mno-hw-mul\libgcc.a(lib2-divmod.o)
 .debug_frame   0x000000bc       0x40 c:/altera/13.0sp1/nios2eds/bin/gnu/h-i686-mingw32/bin/../lib/gcc/nios2-elf/4.1.2/../../../../nios2-elf/lib/mno-hw-mul\libsmallc.a(lib_a-printf.o)
 .debug_frame   0x000000fc       0x3c c:/altera/13.0sp1/nios2eds/bin/gnu/h-i686-mingw32/bin/../lib/gcc/nios2-elf/4.1.2/../../../../nios2-elf/lib/mno-hw-mul\libsmallc.a(lib_a-puts.o)
 .debug_frame   0x00000138       0x20 c:/altera/13.0sp1/nios2eds/bin/gnu/h-i686-mingw32/bin/../lib/gcc/nios2-elf/4.1.2/../../../../nios2-elf/lib/mno-hw-mul\libsmallc.a(lib_a-strlen.o)
 .debug_frame   0x00000158       0x64 c:/altera/13.0sp1/nios2eds/bin/gnu/h-i686-mingw32/bin/../lib/gcc/nios2-elf/4.1.2/../../../../nios2-elf/lib/mno-hw-mul\libsmallc.a(lib_a-vfprintf.o)
 .debug_frame   0x000001bc       0x30 c:/altera/13.0sp1/nios2eds/bin/gnu/h-i686-mingw32/bin/../lib/gcc/nios2-elf/4.1.2/../../../../nios2-elf/lib/mno-hw-mul\libsmallc.a(lib_a-fvwrite_small_dev.o)
 .debug_frame   0x000001ec       0x2c c:/altera/13.0sp1/nios2eds/bin/gnu/h-i686-mingw32/bin/../lib/gcc/nios2-elf/4.1.2/../../../../nios2-elf/lib/mno-hw-mul\libsmallc.a(lib_a-writer.o)
 .debug_frame   0x00000218       0x20 c:/altera/13.0sp1/nios2eds/bin/gnu/h-i686-mingw32/bin/../lib/gcc/nios2-elf/4.1.2/mno-hw-mul\libgcc.a(lib2-mul.o)
 .debug_frame   0x00000238       0x38 ../LedGame_bsp/\libhal_bsp.a(alt_load.o)
 .debug_frame   0x00000270       0x28 ../LedGame_bsp/\libhal_bsp.a(alt_main.o)
 .debug_frame   0x00000298       0x20 ../LedGame_bsp/\libhal_bsp.a(alt_usleep.o)
 .debug_frame   0x000002b8       0x28 ../LedGame_bsp/\libhal_bsp.a(alt_write.o)
 .debug_frame   0x000002e0       0x38 ../LedGame_bsp/\libhal_bsp.a(alt_sys_init.o)
 .debug_frame   0x00000318       0x20 ../LedGame_bsp/\libhal_bsp.a(altera_avalon_jtag_uart_write.o)
 .debug_frame   0x00000338       0x28 ../LedGame_bsp/\libhal_bsp.a(alt_busy_sleep.o)
 .debug_frame   0x00000360       0x20 ../LedGame_bsp/\libhal_bsp.a(alt_dcache_flush_all.o)
 .debug_frame   0x00000380       0x20 ../LedGame_bsp/\libhal_bsp.a(alt_icache_flush_all.o)
 .debug_frame   0x000003a0       0x20 ../LedGame_bsp/\libhal_bsp.a(altera_nios2_qsys_irq.o)

.debug_str      0x00000000      0xe47
 *(.debug_str)
 .debug_str     0x00000000       0xc7 obj/default/hello_world_small.o
                                0x105 (size before relaxing)
 .debug_str     0x000000c7       0xda c:/altera/13.0sp1/nios2eds/bin/gnu/h-i686-mingw32/bin/../lib/gcc/nios2-elf/4.1.2/mno-hw-mul\libgcc.a(_popcountsi2.o)
                                0x17c (size before relaxing)
 .debug_str     0x000001a1       0x76 c:/altera/13.0sp1/nios2eds/bin/gnu/h-i686-mingw32/bin/../lib/gcc/nios2-elf/4.1.2/mno-hw-mul\libgcc.a(lib2-divmod.o)
                                0x1b4 (size before relaxing)
 .debug_str     0x00000000      0x166 c:/altera/13.0sp1/nios2eds/bin/gnu/h-i686-mingw32/bin/../lib/gcc/nios2-elf/4.1.2/mno-hw-mul\libgcc.a(_popcount_tab.o)
 .debug_str     0x00000217      0x3a3 c:/altera/13.0sp1/nios2eds/bin/gnu/h-i686-mingw32/bin/../lib/gcc/nios2-elf/4.1.2/../../../../nios2-elf/lib/mno-hw-mul\libsmallc.a(lib_a-printf.o)
                                0x466 (size before relaxing)
 .debug_str     0x000005ba       0x48 c:/altera/13.0sp1/nios2eds/bin/gnu/h-i686-mingw32/bin/../lib/gcc/nios2-elf/4.1.2/../../../../nios2-elf/lib/mno-hw-mul\libsmallc.a(lib_a-puts.o)
                                0x450 (size before relaxing)
 .debug_str     0x00000602       0xe2 c:/altera/13.0sp1/nios2eds/bin/gnu/h-i686-mingw32/bin/../lib/gcc/nios2-elf/4.1.2/../../../../nios2-elf/lib/mno-hw-mul\libsmallc.a(lib_a-strlen.o)
                                0x184 (size before relaxing)
 .debug_str     0x000006e4      0x162 c:/altera/13.0sp1/nios2eds/bin/gnu/h-i686-mingw32/bin/../lib/gcc/nios2-elf/4.1.2/../../../../nios2-elf/lib/mno-hw-mul\libsmallc.a(lib_a-vfprintf.o)
                                0x5af (size before relaxing)
 .debug_str     0x00000846       0x70 c:/altera/13.0sp1/nios2eds/bin/gnu/h-i686-mingw32/bin/../lib/gcc/nios2-elf/4.1.2/../../../../nios2-elf/lib/mno-hw-mul\libsmallc.a(lib_a-fvwrite_small_dev.o)
                                0x46a (size before relaxing)
 .debug_str     0x000008b6       0xf8 c:/altera/13.0sp1/nios2eds/bin/gnu/h-i686-mingw32/bin/../lib/gcc/nios2-elf/4.1.2/../../../../nios2-elf/lib/mno-hw-mul\libsmallc.a(lib_a-impure.o)
                                0x45d (size before relaxing)
 .debug_str     0x000009ae       0x4f c:/altera/13.0sp1/nios2eds/bin/gnu/h-i686-mingw32/bin/../lib/gcc/nios2-elf/4.1.2/../../../../nios2-elf/lib/mno-hw-mul\libsmallc.a(lib_a-writer.o)
                                0x451 (size before relaxing)
 .debug_str     0x000009fd       0x40 c:/altera/13.0sp1/nios2eds/bin/gnu/h-i686-mingw32/bin/../lib/gcc/nios2-elf/4.1.2/../../../../nios2-elf/lib/mno-hw-mul\libsmallc.a(lib_a-int_errno.o)
                                0x177 (size before relaxing)
 .debug_str     0x00000a3d       0x37 c:/altera/13.0sp1/nios2eds/bin/gnu/h-i686-mingw32/bin/../lib/gcc/nios2-elf/4.1.2/mno-hw-mul\libgcc.a(lib2-mul.o)
                                0x175 (size before relaxing)
 .debug_str     0x00000a74      0x11c ../LedGame_bsp/\libhal_bsp.a(alt_load.o)
                                0x1b9 (size before relaxing)
 .debug_str     0x00000b90       0x70 ../LedGame_bsp/\libhal_bsp.a(alt_main.o)
                                0x13d (size before relaxing)
 .debug_str     0x00000c00       0x27 ../LedGame_bsp/\libhal_bsp.a(alt_usleep.o)
                                 0xef (size before relaxing)
 .debug_str     0x00000c27       0x58 ../LedGame_bsp/\libhal_bsp.a(alt_write.o)
                                0x169 (size before relaxing)
 .debug_str     0x00000c7f       0x85 ../LedGame_bsp/\libhal_bsp.a(alt_sys_init.o)
                                0x1b2 (size before relaxing)
 .debug_str     0x00000d04       0x4a ../LedGame_bsp/\libhal_bsp.a(altera_avalon_jtag_uart_write.o)
                                0x1b5 (size before relaxing)
 .debug_str     0x00000d4e       0x42 ../LedGame_bsp/\libhal_bsp.a(alt_busy_sleep.o)
                                0x112 (size before relaxing)
 .debug_str     0x00000d90       0x34 ../LedGame_bsp/\libhal_bsp.a(alt_dcache_flush_all.o)
                                 0xfc (size before relaxing)
 .debug_str     0x00000dc4       0x14 ../LedGame_bsp/\libhal_bsp.a(alt_errno.o)
                                 0xec (size before relaxing)
 .debug_str     0x00000dd8       0x34 ../LedGame_bsp/\libhal_bsp.a(alt_icache_flush_all.o)
                                 0xfc (size before relaxing)
 .debug_str     0x00000e0c       0x3b ../LedGame_bsp/\libhal_bsp.a(altera_nios2_qsys_irq.o)
                                0x103 (size before relaxing)

.debug_loc      0x00000000     0x1009
 *(.debug_loc)
 .debug_loc     0x00000000       0x71 obj/default/hello_world_small.o
 .debug_loc     0x00000071       0x26 c:/altera/13.0sp1/nios2eds/bin/gnu/h-i686-mingw32/bin/../lib/gcc/nios2-elf/4.1.2/mno-hw-mul\libgcc.a(_popcountsi2.o)
 .debug_loc     0x00000097      0x1d2 c:/altera/13.0sp1/nios2eds/bin/gnu/h-i686-mingw32/bin/../lib/gcc/nios2-elf/4.1.2/mno-hw-mul\libgcc.a(lib2-divmod.o)
 .debug_loc     0x00000269       0x8d c:/altera/13.0sp1/nios2eds/bin/gnu/h-i686-mingw32/bin/../lib/gcc/nios2-elf/4.1.2/../../../../nios2-elf/lib/mno-hw-mul\libsmallc.a(lib_a-printf.o)
 .debug_loc     0x000002f6       0xa2 c:/altera/13.0sp1/nios2eds/bin/gnu/h-i686-mingw32/bin/../lib/gcc/nios2-elf/4.1.2/../../../../nios2-elf/lib/mno-hw-mul\libsmallc.a(lib_a-puts.o)
 .debug_loc     0x00000398       0x1e c:/altera/13.0sp1/nios2eds/bin/gnu/h-i686-mingw32/bin/../lib/gcc/nios2-elf/4.1.2/../../../../nios2-elf/lib/mno-hw-mul\libsmallc.a(lib_a-strlen.o)
 .debug_loc     0x000003b6      0x878 c:/altera/13.0sp1/nios2eds/bin/gnu/h-i686-mingw32/bin/../lib/gcc/nios2-elf/4.1.2/../../../../nios2-elf/lib/mno-hw-mul\libsmallc.a(lib_a-vfprintf.o)
 .debug_loc     0x00000c2e      0x162 c:/altera/13.0sp1/nios2eds/bin/gnu/h-i686-mingw32/bin/../lib/gcc/nios2-elf/4.1.2/../../../../nios2-elf/lib/mno-hw-mul\libsmallc.a(lib_a-fvwrite_small_dev.o)
 .debug_loc     0x00000d90       0x97 c:/altera/13.0sp1/nios2eds/bin/gnu/h-i686-mingw32/bin/../lib/gcc/nios2-elf/4.1.2/../../../../nios2-elf/lib/mno-hw-mul\libsmallc.a(lib_a-writer.o)
 .debug_loc     0x00000e27       0x4f c:/altera/13.0sp1/nios2eds/bin/gnu/h-i686-mingw32/bin/../lib/gcc/nios2-elf/4.1.2/mno-hw-mul\libgcc.a(lib2-mul.o)
 .debug_loc     0x00000e76       0x1f ../LedGame_bsp/\libhal_bsp.a(alt_load.o)
 .debug_loc     0x00000e95       0x1f ../LedGame_bsp/\libhal_bsp.a(alt_main.o)
 .debug_loc     0x00000eb4       0x13 ../LedGame_bsp/\libhal_bsp.a(alt_usleep.o)
 .debug_loc     0x00000ec7       0x9a ../LedGame_bsp/\libhal_bsp.a(alt_write.o)
 .debug_loc     0x00000f61       0x32 ../LedGame_bsp/\libhal_bsp.a(alt_sys_init.o)
 .debug_loc     0x00000f93       0x26 ../LedGame_bsp/\libhal_bsp.a(altera_avalon_jtag_uart_write.o)
 .debug_loc     0x00000fb9       0x50 ../LedGame_bsp/\libhal_bsp.a(alt_busy_sleep.o)

.debug_macinfo
 *(.debug_macinfo)

.debug_weaknames
 *(.debug_weaknames)

.debug_funcnames
 *(.debug_funcnames)

.debug_typenames
 *(.debug_typenames)

.debug_varnames
 *(.debug_varnames)

.debug_alt_sim_info
                0x00000000       0x40
 *(.debug_alt_sim_info)
 .debug_alt_sim_info
                0x00000000       0x10 ../LedGame_bsp//obj/HAL/src/crt0.o
 .debug_alt_sim_info
                0x00000010       0x30 ../LedGame_bsp/\libhal_bsp.a(alt_busy_sleep.o)
                0x00006800                __alt_data_end = 0x6800
                0x00006800                PROVIDE (__alt_stack_pointer, __alt_data_end)
                0x00005224                PROVIDE (__alt_stack_limit, __alt_stack_base)
                0x00005224                PROVIDE (__alt_heap_start, end)
                0x00006800                PROVIDE (__alt_heap_limit, 0x6800)
OUTPUT(LedGame.elf elf32-littlenios2)

.debug_ranges   0x00000000      0x160
 .debug_ranges  0x00000000       0x20 ../LedGame_bsp//obj/HAL/src/crt0.o
 .debug_ranges  0x00000020      0x140 c:/altera/13.0sp1/nios2eds/bin/gnu/h-i686-mingw32/bin/../lib/gcc/nios2-elf/4.1.2/../../../../nios2-elf/lib/mno-hw-mul\libsmallc.a(lib_a-vfprintf.o)
